<html>
<body>
<pre>
<h1>µVision Build Log</h1>
<h2>Tool Versions:</h2>
IDE-Version: µVision V5.23.0.0
Copyright (C) 2017 ARM Ltd and ARM Germany GmbH. All rights reserved.
License Information: Nguyen Hoang Gia, HCMUT, LIC=----
 
Tool Versions:
Toolchain:       MDK-Lite  Version: 5.23
Toolchain Path:  D:\App\Keil\ARM\ARMCC\Bin
C Compiler:      Armcc.exe V5.06 update 4 (build 422)
Assembler:       Armasm.exe V5.06 update 4 (build 422)
Linker/Locator:  ArmLink.exe V5.06 update 4 (build 422)
Library Manager: ArmAr.exe V5.06 update 4 (build 422)
Hex Converter:   FromElf.exe V5.06 update 4 (build 422)
CPU DLL:         SARMCM3.DLL V5.23
Dialog DLL:      DARMCM1.DLL V1.17.0.0
Target DLL:      STLink\ST-LINKIII-KEIL_SWO.dll V2.0.18.0
Dialog DLL:      TARMCM1.DLL V1.12.0.0
 
<h2>Project:</h2>
D:\workspaceNew\SP1_STM32F0\MDK-ARM\SP1_STM32F0.uvprojx
Project File Date:  05/28/2017

<h2>Output:</h2>
*** Using Compiler 'V5.06 update 4 (build 422)', folder: 'D:\App\Keil\ARM\ARMCC\Bin'
Build target 'SP1_STM32F0'
compiling stm32f0xx_it.c...
compiling main.c...
compiling stm32f0xx_hal_msp.c...
compiling gpio.c...
..\Src\gpio.c(5): warning:  #188-D: enumerated type mixed with another type
  	HAL_GPIO_WritePin(
PIOA, pPin, pOutput);
..\Src\gpio.c: 1 warning, 0 errors
compiling uart.c...
compiling hardware.c...
compiling system_stm32f0xx.c...
compiling stateMachine.c...
compiling stm32f0xx_hal_flash_ex.c...
compiling stm32f0xx_hal_flash.c...
compiling stm32f0xx_hal_dma.c...
compiling stm32f0xx_hal_uart_ex.c...
compiling stm32f0xx_hal_i2c_ex.c...
compiling stm32f0xx_hal_pwr.c...
compiling stm32f0xx_hal_gpio.c...
compiling stm32f0xx_hal.c...
compiling stm32f0xx_hal_pwr_ex.c...
compiling stm32f0xx_hal_rcc_ex.c...
compiling stm32f0xx_hal_rcc.c...
compiling stm32f0xx_hal_i2c.c...
compiling stm32f0xx_hal_cortex.c...
compiling stm32f0xx_hal_iwdg.c...
compiling stm32f0xx_hal_uart.c...
assembling startup_stm32f030x6.s...
compiling stm32f0xx_hal_tim.c...
compiling stm32f0xx_hal_tim_ex.c...
linking...
Program Size: Code=6340 RO-data=232 RW-data=36 ZI-data=1340  
"SP1_STM32F0\SP1_STM32F0.axf" - 0 Error(s), 1 Warning(s).

<h2>Software Packages used:</h2>

Package Vendor: ARM
                http://www.keil.com/pack/ARM.CMSIS.5.0.1.pack
                ARM::CMSIS:CORE:5.0.1
                CMSIS (Cortex Microcontroller Software Interface Standard)
   * Component: CORE Version: 5.0.1

<h2>Collection of Component include folders:</h2>
  .\RTE\_SP1_STM32F0
  D:\App\Keil\ARM\PACK\ARM\CMSIS\5.0.1\CMSIS\Include
  D:\App\Keil\ARM\PACK\Keil\STM32F0xx_DFP\1.5.0\Device\Include

<h2>Collection of Component Files used:</h2>

   * Component: ARM::CMSIS:CORE:5.0.1
Build Time Elapsed:  00:00:12
</pre>
</body>
</html>
